// Jest Snapshot v1, https://goo.gl/fbAQLP

exports[`test Category Buttons 1`] = `
<div>
  <styled.button
    key="0"
    onClick={[Function]}
  >
    -23
  </styled.button>
  <styled.button
    key="1"
    onClick={[Function]}
  >
    45
  </styled.button>
  <styled.button
    key="2"
    onClick={[Function]}
  >
    89
  </styled.button>
  <styled.button
    key="3"
    onClick={[Function]}
  >
    1
  </styled.button>
</div>
`;
